Error in save_answer: 401: Candidate session token is required
Traceback (most recent call last):
  File "C:\Users\swara\Downloads\AI_Adaptive_Interview\backend\app\routes.py", line 1113, in save_answer
    candidate_session = _require_candidate_session(credentials, interview_id=interview_id)
  File "C:\Users\swara\Downloads\AI_Adaptive_Interview\backend\app\routes.py", line 263, in _require_candidate_session
    raise HTTPException(status_code=401, detail="Candidate session token is required")
fastapi.exceptions.HTTPException: 401: Candidate session token is required

Error in save_answer: 401: Candidate session token is required
Traceback (most recent call last):
  File "C:\Users\swara\Downloads\AI_Adaptive_Interview\backend\app\routes.py", line 1113, in save_answer
    candidate_session = _require_candidate_session(credentials, interview_id=interview_id)
  File "C:\Users\swara\Downloads\AI_Adaptive_Interview\backend\app\routes.py", line 263, in _require_candidate_session
    raise HTTPException(status_code=401, detail="Candidate session token is required")
fastapi.exceptions.HTTPException: 401: Candidate session token is required

Error in save_answer: 401: Candidate session token is required
Traceback (most recent call last):
  File "C:\Users\swara\Downloads\AI_Adaptive_Interview\backend\app\routes.py", line 1113, in save_answer
    candidate_session = _require_candidate_session(credentials, interview_id=interview_id)
  File "C:\Users\swara\Downloads\AI_Adaptive_Interview\backend\app\routes.py", line 263, in _require_candidate_session
    raise HTTPException(status_code=401, detail="Candidate session token is required")
fastapi.exceptions.HTTPException: 401: Candidate session token is required

Error in save_answer: 401: Candidate session token is required
Traceback (most recent call last):
  File "C:\Users\swara\Downloads\AI_Adaptive_Interview\backend\app\routes.py", line 1113, in save_answer
    candidate_session = _require_candidate_session(credentials, interview_id=interview_id)
  File "C:\Users\swara\Downloads\AI_Adaptive_Interview\backend\app\routes.py", line 263, in _require_candidate_session
    raise HTTPException(status_code=401, detail="Candidate session token is required")
fastapi.exceptions.HTTPException: 401: Candidate session token is required

Error in save_answer: 401: Candidate session token is required
Traceback (most recent call last):
  File "C:\Users\swara\Downloads\AI_Adaptive_Interview\backend\app\routes.py", line 1113, in save_answer
    candidate_session = _require_candidate_session(credentials, interview_id=interview_id)
  File "C:\Users\swara\Downloads\AI_Adaptive_Interview\backend\app\routes.py", line 263, in _require_candidate_session
    raise HTTPException(status_code=401, detail="Candidate session token is required")
fastapi.exceptions.HTTPException: 401: Candidate session token is required

Error in save_answer: 401: Candidate session token is required
Traceback (most recent call last):
  File "C:\Users\swara\Downloads\AI_Adaptive_Interview\backend\app\routes.py", line 1113, in save_answer
    candidate_session = _require_candidate_session(credentials, interview_id=interview_id)
  File "C:\Users\swara\Downloads\AI_Adaptive_Interview\backend\app\routes.py", line 263, in _require_candidate_session
    raise HTTPException(status_code=401, detail="Candidate session token is required")
fastapi.exceptions.HTTPException: 401: Candidate session token is required

Error in save_answer: answer_text is required
Traceback (most recent call last):
  File "C:\Users\sagar\Downloads\mock-interview - Copy (3)\backend\app\routes.py", line 1121, in save_answer
    result = persist_answer_and_enqueue_scoring(
        interview_id=interview_id,
    ...<5 lines>...
        time_limit_seconds=time_limit_seconds,
    )
  File "C:\Users\sagar\Downloads\mock-interview - Copy (3)\backend\app\answer_service.py", line 56, in persist_answer_and_enqueue_scoring
    normalized_answer_text = _bounded_text(
        answer_text, field="answer_text", maximum=MAX_ANSWER_TEXT_LENGTH
    )
  File "C:\Users\sagar\Downloads\mock-interview - Copy (3)\backend\app\answer_service.py", line 23, in _bounded_text
    raise ValueError(f"{field} is required")
ValueError: answer_text is required

Error in save_answer: answer_text is required
Traceback (most recent call last):
  File "C:\Users\sagar\Downloads\mock-interview - Copy (3)\backend\app\routes.py", line 1121, in save_answer
    result = persist_answer_and_enqueue_scoring(
        interview_id=interview_id,
    ...<5 lines>...
        time_limit_seconds=time_limit_seconds,
    )
  File "C:\Users\sagar\Downloads\mock-interview - Copy (3)\backend\app\answer_service.py", line 56, in persist_answer_and_enqueue_scoring
    normalized_answer_text = _bounded_text(
        answer_text, field="answer_text", maximum=MAX_ANSWER_TEXT_LENGTH
    )
  File "C:\Users\sagar\Downloads\mock-interview - Copy (3)\backend\app\answer_service.py", line 23, in _bounded_text
    raise ValueError(f"{field} is required")
ValueError: answer_text is required

Error in save_answer: answer_text is required
Traceback (most recent call last):
  File "C:\Users\sagar\Downloads\mock-interview - Copy (3)\backend\app\routes.py", line 1121, in save_answer
    result = persist_answer_and_enqueue_scoring(
        interview_id=interview_id,
    ...<5 lines>...
        time_limit_seconds=time_limit_seconds,
    )
  File "C:\Users\sagar\Downloads\mock-interview - Copy (3)\backend\app\answer_service.py", line 56, in persist_answer_and_enqueue_scoring
    normalized_answer_text = _bounded_text(
        answer_text, field="answer_text", maximum=MAX_ANSWER_TEXT_LENGTH
    )
  File "C:\Users\sagar\Downloads\mock-interview - Copy (3)\backend\app\answer_service.py", line 23, in _bounded_text
    raise ValueError(f"{field} is required")
ValueError: answer_text is required

Error in save_answer: answer_text is required
Traceback (most recent call last):
  File "C:\Users\sagar\Downloads\mock-interview - Copy (3)\backend\app\routes.py", line 1121, in save_answer
    result = persist_answer_and_enqueue_scoring(
        interview_id=interview_id,
    ...<5 lines>...
        time_limit_seconds=time_limit_seconds,
    )
  File "C:\Users\sagar\Downloads\mock-interview - Copy (3)\backend\app\answer_service.py", line 56, in persist_answer_and_enqueue_scoring
    normalized_answer_text = _bounded_text(
        answer_text, field="answer_text", maximum=MAX_ANSWER_TEXT_LENGTH
    )
  File "C:\Users\sagar\Downloads\mock-interview - Copy (3)\backend\app\answer_service.py", line 23, in _bounded_text
    raise ValueError(f"{field} is required")
ValueError: answer_text is required

